<html>
<body>
<pre>
<h1>µVision Build Log</h1>
<h2>Tool Versions:</h2>
IDE-Version: ¦ÌVision V5.26.2.0
Copyright (C) 2018 ARM Ltd and ARM Germany GmbH. All rights reserved.
License Information: a a, a, LIC=14HV2-9SSAE-TGU7T-R2FNI-52IWG-VFL7D
 
Tool Versions:
Toolchain:       MDK-ARM Plus  Version: 5.26.2.0
Toolchain Path:  E:\Keil_v5\ARM\ARMCC\Bin
C Compiler:      Armcc.exe V5.06 update 6 (build 750)
Assembler:       Armasm.exe V5.06 update 6 (build 750)
Linker/Locator:  ArmLink.exe V5.06 update 6 (build 750)
Library Manager: ArmAr.exe V5.06 update 6 (build 750)
Hex Converter:   FromElf.exe V5.06 update 6 (build 750)
CPU DLL:         SARMCM3.DLL V5.26.2.0
Dialog DLL:      DCM.DLL V1.17.2.0
Target DLL:      Segger\JL2CM3.dll V2.99.31.0
Dialog DLL:      TCM.DLL V1.36.1.0
 
<h2>Project:</h2>
D:\work_eai80\BPI-EAI80-bsp-1.0\ugelis\kelis_example\app\helloworld\mdk\ugelis_demo.uvprojx
Project File Date:  11/18/2023

<h2>Output:</h2>
*** Using Compiler 'V5.06 update 6 (build 750)', folder: 'E:\Keil_v5\ARM\ARMCC\Bin'
Rebuild target 'ugelis_demo'
compiling main.c...
compiling gm_common.c...
compiling soc_gm6721x.c...
compiling gm_hal_dma.c...
compiling soc.c...
compiling gm_hal_uart.c...
compiling pinmux.c...
compiling sys_clock_init.c...
compiling gm_hal_gpio.c...
compiling uart_gm.c...
compiling cortex_m_systick.c...
compiling uart_console.c...
compiling pinmux_gm.c...
compiling gpio_gm.c...
compiling mailbox.c...
compiling mem_slab.c...
compiling mempool.c...
compiling system_work_q.c...
compiling mutex.c...
compiling queue.c...
compiling msg_q.c...
compiling pipes.c...
compiling sem.c...
compiling stack.c...
assembling vector_table.S...
compiling device.c...
compiling timer.c...
linking...
Program Size: Code=44952 RO-data=884 RW-data=12844 ZI-data=13072  
FromELF: creating hex file...
".\ugelis_demo.axf" - 0 Error(s), 0 Warning(s).

<h2>Software Packages used:</h2>

Package Vendor: Keil
                
                Keil.GM66xx_DFP.1.4.1
                Gree Microelectronics GM66/GM67 Series Device Support

<h2>Collection of Component include folders:</h2>
  .\RTE\_ugelis_demo
  E:\Keil_v5\ARM\PACK\Keil\GM66xx_DFP\1.4.1\Device\Include

<h2>Collection of Component Files used:</h2>
Build Time Elapsed:  00:00:03
</pre>
</body>
</html>
